#
# There is insufficient memory for the Java Runtime Environment to continue.
# Native memory allocation (mmap) failed to map 123731968 bytes. Error detail: G1 virtual space
# Possible reasons:
#   The system is out of physical RAM or swap space
#   This process is running with CompressedOops enabled, and the Java Heap may be blocking the growth of the native heap
# Possible solutions:
#   Reduce memory load on the system
#   Increase physical memory or swap space
#   Check if swap backing store is full
#   Decrease Java heap size (-Xmx/-Xms)
#   Decrease number of Java threads
#   Decrease Java thread stack sizes (-Xss)
#   Set larger code cache with -XX:ReservedCodeCacheSize=
#   JVM is running with Unscaled Compressed Oops mode in which the Java heap is
#     placed in the first 4GB address space. The Java Heap base address is the
#     maximum limit for the native heap growth. Please use -XX:HeapBaseMinAddress
#     to set the Java Heap base and to place the Java Heap above 4GB virtual address.
# This output file may be truncated or incomplete.
#
#  Out of Memory Error (os_windows.cpp:3690), pid=17916, tid=42932
#
# JRE version:  (17.0.19+10) (build )
# Java VM: OpenJDK 64-Bit Server VM (17.0.19+10-LTS, mixed mode, sharing, tiered, compressed oops, compressed class ptrs, g1 gc, windows-amd64)
# No core dump will be written. Minidumps are not enabled by default on client versions of Windows
#

---------------  S U M M A R Y ------------

Command Line: -javaagent:C:\Program Files\JetBrains\IntelliJ IDEA 2025.3.3\lib\idea_rt.jar=64717 -Dfile.encoding=UTF-8 br.com.fiap.loja.view.Terminal

Host: AMD Ryzen 5 5500U with Radeon Graphics         , 12 cores, 7G,  Windows 11 , 64 bit Build 26100 (10.0.26100.8328)
Time: Fri May 22 22:37:10 2026 Hora oficial do Brasil elapsed time: 1.161359 seconds (0d 0h 0m 1s)

---------------  T H R E A D  ---------------

Current thread (0x000001f434d08480):  JavaThread "Unknown thread" [_thread_in_vm, id=42932, stack(0x000000f1bad00000,0x000000f1bae00000)]

Stack: [0x000000f1bad00000,0x000000f1bae00000]
Native frames: (J=compiled Java code, j=interpreted, Vv=VM code, C=native code)
V  [jvm.dll+0x68cc89]  (no source info available)
V  [jvm.dll+0x845d89]  (no source info available)
V  [jvm.dll+0x847af8]  (no source info available)
V  [jvm.dll+0x848183]  (no source info available)
V  [jvm.dll+0x24d0bf]  (no source info available)
V  [jvm.dll+0x68c089]  (no source info available)
V  [jvm.dll+0x68064a]  (no source info available)
V  [jvm.dll+0x3102f0]  (no source info available)
V  [jvm.dll+0x310192]  (no source info available)
V  [jvm.dll+0x317709]  (no source info available)
V  [jvm.dll+0x369b09]  (no source info available)
V  [jvm.dll+0x369d3d]  (no source info available)
V  [jvm.dll+0x2e6afa]  (no source info available)
V  [jvm.dll+0x2e7a08]  (no source info available)
V  [jvm.dll+0x818b2e]  (no source info available)
V  [jvm.dll+0x377771]  (no source info available)
V  [jvm.dll+0x7f7175]  (no source info available)
V  [jvm.dll+0x3fd5eb]  (no source info available)
V  [jvm.dll+0x3ff221]  (no source info available)
C  [jli.dll+0x52f8]  (no source info available)
C  [ucrtbase.dll+0x37b0]  (no source info available)
C  [KERNEL32.DLL+0x2e957]  (no source info available)
C  [ntdll.dll+0x427c]  (no source info available)


---------------  P R O C E S S  ---------------

Threads class SMR info:
_java_thread_list=0x00007ff939c27058, length=0, elements={
}

Java Threads: ( => current thread )

Other Threads:
  0x000001f434d5fe20 GCTaskThread "GC Thread#0" [stack: 0x000000f1bae00000,0x000000f1baf00000] [id=43252]
  0x000001f434d6f800 ConcurrentGCThread "G1 Main Marker" [stack: 0x000000f1baf00000,0x000000f1bb000000] [id=21080]
  0x000001f434d70df0 ConcurrentGCThread "G1 Conc#0" [stack: 0x000000f1bb000000,0x000000f1bb100000] [id=49820]

[error occurred during error reporting (printing all threads), id 0xc0000005, EXCEPTION_ACCESS_VIOLATION (0xc0000005) at pc=0x00007ff9393d7637]

VM state: not at safepoint (not fully initialized)

VM Mutex/Monitor currently owned by a thread:  ([mutex/lock_event])
[0x000001f434d04a60] Heap_lock - owner thread: 0x000001f434d08480

Heap address: 0x000000008a400000, size: 1884 MB, Compressed Oops mode: 32-bit

CDS archive(s) mapped at: [0x0000000000000000-0x0000000000000000-0x0000000000000000), size 0, SharedBaseAddress: 0x0000000800000000, ArchiveRelocationMode: 1.
Narrow klass base: 0x0000000000000000, Narrow klass shift: 0, Narrow klass range: 0x0

GC Precious Log:
<Empty>

Heap:
 garbage-first heap   total 0K, used 0K [0x000000008a400000, 0x0000000100000000)
  region size 1024K, 0 young (0K), 0 survivors (0K)

[error occurred during error reporting (printing heap information), id 0xc0000005, EXCEPTION_ACCESS_VIOLATION (0xc0000005) at pc=0x00007ff9397c8d39]

GC Heap History (0 events):
No events

Dll operation events (1 events):
Event: 0.040 Loaded shared library C:\Users\Gabri\.jdks\ms-17.0.19\bin\java.dll

Deoptimization events (0 events):
No events

Classes loaded (0 events):
No events

Classes unloaded (0 events):
No events

Classes redefined (0 events):
No events

Internal exceptions (0 events):
No events

VM Operations (0 events):
No events

Memory protections (0 events):
No events

Nmethod flushes (0 events):
No events

Events (0 events):
No events


Dynamic libraries:
0x00007ff670ce0000 - 0x00007ff670cee000 	C:\Users\Gabri\.jdks\ms-17.0.19\bin\java.exe
0x00007ffa2f160000 - 0x00007ffa2f3c7000 	C:\WINDOWS\SYSTEM32\ntdll.dll
0x00007ffa2e0b0000 - 0x00007ffa2e179000 	C:\WINDOWS\System32\KERNEL32.DLL
0x00007ffa2c990000 - 0x00007ffa2cd87000 	C:\WINDOWS\System32\KERNELBASE.dll
0x00007ffa2cd90000 - 0x00007ffa2cedb000 	C:\WINDOWS\System32\ucrtbase.dll
0x00007ffa14c20000 - 0x00007ffa14c38000 	C:\Users\Gabri\.jdks\ms-17.0.19\bin\jli.dll
0x00007ffa14b80000 - 0x00007ffa14b9e000 	C:\Users\Gabri\.jdks\ms-17.0.19\bin\VCRUNTIME140.dll
0x00007ffa2ef50000 - 0x00007ffa2f116000 	C:\WINDOWS\System32\USER32.dll
0x00007ffa2bdc0000 - 0x00007ffa2bde7000 	C:\WINDOWS\System32\win32u.dll
0x00007ffa13440000 - 0x00007ffa136d2000 	C:\WINDOWS\WinSxS\amd64_microsoft.windows.common-controls_6595b64144ccf1df_6.0.26100.8457_none_3e0b2faee331e92d\COMCTL32.dll
0x00007ffa2e4f0000 - 0x00007ffa2e51b000 	C:\WINDOWS\System32\GDI32.dll
0x00007ffa2cf30000 - 0x00007ffa2cfd9000 	C:\WINDOWS\System32\msvcrt.dll
0x00007ffa2c860000 - 0x00007ffa2c98c000 	C:\WINDOWS\System32\gdi32full.dll
0x00007ffa2bb90000 - 0x00007ffa2bc33000 	C:\WINDOWS\System32\msvcp_win.dll
0x00007ffa2d4b0000 - 0x00007ffa2d4e2000 	C:\WINDOWS\System32\IMM32.DLL
0x00007ffa14c10000 - 0x00007ffa14c1c000 	C:\Users\Gabri\.jdks\ms-17.0.19\bin\vcruntime140_1.dll
0x00007ff9dcc70000 - 0x00007ff9dccf9000 	C:\Users\Gabri\.jdks\ms-17.0.19\bin\msvcp140.dll
0x00007ff9390e0000 - 0x00007ff939d5b000 	C:\Users\Gabri\.jdks\ms-17.0.19\bin\server\jvm.dll
0x00007ffa2cfe0000 - 0x00007ffa2d096000 	C:\WINDOWS\System32\ADVAPI32.dll
0x00007ffa2d180000 - 0x00007ffa2d227000 	C:\WINDOWS\System32\sechost.dll
0x00007ffa2e240000 - 0x00007ffa2e358000 	C:\WINDOWS\System32\RPCRT4.dll
0x00007ffa2d550000 - 0x00007ffa2d5d0000 	C:\WINDOWS\System32\WS2_32.dll
0x00007ffa2b9f0000 - 0x00007ffa2ba4e000 	C:\WINDOWS\SYSTEM32\POWRPROF.dll
0x00007ffa29ca0000 - 0x00007ffa29cd6000 	C:\WINDOWS\SYSTEM32\WINMM.dll
0x00007ffa254a0000 - 0x00007ffa254ab000 	C:\WINDOWS\SYSTEM32\VERSION.dll
0x00007ffa2b9d0000 - 0x00007ffa2b9e4000 	C:\WINDOWS\SYSTEM32\UMPDC.dll
0x00007ffa2a920000 - 0x00007ffa2a93b000 	C:\WINDOWS\SYSTEM32\kernel.appcore.dll
0x00007ffa14a90000 - 0x00007ffa14a9a000 	C:\Users\Gabri\.jdks\ms-17.0.19\bin\jimage.dll
0x00007ffa29850000 - 0x00007ffa29a92000 	C:\WINDOWS\SYSTEM32\DBGHELP.DLL
0x00007ffa2d5e0000 - 0x00007ffa2d963000 	C:\WINDOWS\System32\combase.dll
0x00007ffa2d0a0000 - 0x00007ffa2d179000 	C:\WINDOWS\System32\OLEAUT32.dll
0x00007ffa29c60000 - 0x00007ffa29c9b000 	C:\WINDOWS\SYSTEM32\dbgcore.DLL
0x00007ffa2be80000 - 0x00007ffa2bf28000 	C:\WINDOWS\System32\bcryptPrimitives.dll
0x00007ffa14a50000 - 0x00007ffa14a5f000 	C:\Users\Gabri\.jdks\ms-17.0.19\bin\instrument.dll
0x00007ffa147b0000 - 0x00007ffa147d6000 	C:\Users\Gabri\.jdks\ms-17.0.19\bin\java.dll

dbghelp: loaded successfully - version: 4.0.5 - missing functions: none
symbol engine: initialized successfully - sym options: 0x614 - pdb path: .;C:\Users\Gabri\.jdks\ms-17.0.19\bin;C:\WINDOWS\SYSTEM32;C:\WINDOWS\WinSxS\amd64_microsoft.windows.common-controls_6595b64144ccf1df_6.0.26100.8457_none_3e0b2faee331e92d;C:\Users\Gabri\.jdks\ms-17.0.19\bin\server

VM Arguments:
jvm_args: -javaagent:C:\Program Files\JetBrains\IntelliJ IDEA 2025.3.3\lib\idea_rt.jar=64717 -Dfile.encoding=UTF-8 
java_command: br.com.fiap.loja.view.Terminal
java_class_path (initial): C:\fiap\Domain Driven Design Using Java\Apostila10\out\production\Apostila10
Launcher Type: SUN_STANDARD

[Global flags]
     intx CICompilerCount                          = 4                                         {product} {ergonomic}
     uint ConcGCThreads                            = 3                                         {product} {ergonomic}
     uint G1ConcRefinementThreads                  = 10                                        {product} {ergonomic}
   size_t G1HeapRegionSize                         = 1048576                                   {product} {ergonomic}
    uintx GCDrainStackTargetSize                   = 64                                        {product} {ergonomic}
   size_t InitialHeapSize                          = 123731968                                 {product} {ergonomic}
   size_t MarkStackSize                            = 4194304                                   {product} {ergonomic}
   size_t MaxHeapSize                              = 1975517184                                {product} {ergonomic}
   size_t MinHeapDeltaBytes                        = 1048576                                   {product} {ergonomic}
   size_t MinHeapSize                              = 8388608                                   {product} {ergonomic}
    uintx NonNMethodCodeHeapSize                   = 5839372                                {pd product} {ergonomic}
    uintx NonProfiledCodeHeapSize                  = 122909434                              {pd product} {ergonomic}
    uintx ProfiledCodeHeapSize                     = 122909434                              {pd product} {ergonomic}
    uintx ReservedCodeCacheSize                    = 251658240                              {pd product} {ergonomic}
     bool SegmentedCodeCache                       = true                                      {product} {ergonomic}
   size_t SoftMaxHeapSize                          = 1975517184                             {manageable} {ergonomic}
     bool UseCompressedClassPointers               = true                           {product lp64_product} {ergonomic}
     bool UseCompressedOops                        = true                           {product lp64_product} {ergonomic}
     bool UseG1GC                                  = true                                      {product} {ergonomic}
     bool UseLargePagesIndividualAllocation        = false                                  {pd product} {ergonomic}

Logging:
Log output configuration:
 #0: stdout all=warning uptime,level,tags
 #1: stderr all=off uptime,level,tags

Environment Variables:
PATH=C:\Program Files (x86)\Common Files\Oracle\Java\java8path;C:\Program Files (x86)\Common Files\Oracle\Java\javapath;C:\WINDOWS\system32;C:\WINDOWS;C:\WINDOWS\System32\Wbem;C:\WINDOWS\System32\WindowsPowerShell\v1.0\;C:\WINDOWS\System32\OpenSSH\;C:\Program Files\dotnet\;C:\Program Files (x86)\Windows Kits\8.1\Windows Performance Toolkit\;C:\Program Files\Git\cmd;C:\Program Files\nodejs\;C:\Users\Gabri\.local\bin;C:\Users\Gabri\AppData\Local\Microsoft\WindowsApps;C:\Users\Gabri\AppData\Local\Programs\Microsoft VS Code\bin;C:\Users\Gabri\AppData\Roaming\npm
USERNAME=Gabri
OS=Windows_NT
PROCESSOR_IDENTIFIER=AMD64 Family 23 Model 104 Stepping 1, AuthenticAMD
TMP=C:\Users\Gabri\AppData\Local\Temp
TEMP=C:\Users\Gabri\AppData\Local\Temp



Periodic native trim disabled


---------------  S Y S T E M  ---------------

OS:
 Windows 11 , 64 bit Build 26100 (10.0.26100.8328)
OS uptime: 9 days 15:15 hours
Hyper-V role detected

CPU: total 12 (initial active 12) (12 cores per cpu, 2 threads per core) family 23 model 104 stepping 1 microcode 0x8608109, cx8, cmov, fxsr, ht, mmx, 3dnowpref, sse, sse2, sse3, ssse3, sse4a, sse4.1, sse4.2, popcnt, lzcnt, tsc, tscinvbit, avx, avx2, aes, clmul, bmi1, bmi2, adx, sha, fma, vzeroupper, clflush, clflushopt, hv
Processor Information for the first 12 processors :
  Max Mhz: 2100, Current Mhz: 2100, Mhz Limit: 2100

Memory: 4k page, system-wide physical 7528M (524M free)
TotalPageFile size 31080M (AvailPageFile size 4M)
current process WorkingSet (physical memory assigned to process): 12M, peak: 12M
current process commit charge ("private bytes"): 64M, peak: 182M

vm_info: OpenJDK 64-Bit Server VM (17.0.19+10-LTS) for windows-amd64 JRE (17.0.19+10-LTS), built on Apr 18 2026 18:24:40 by "MicrosoftCorporation" with MS VC++ 17.14 (VS2022)

END.
